============================= test session starts =============================
platform win32 -- Python 3.11.9, pytest-9.0.2, pluggy-1.6.0
rootdir: D:\Project\Doctor-Scheduling-System\backend
plugins: anyio-4.12.0
collected 5 items

tests\test_auth.py EEE                                                   [ 60%]
tests\test_schedules.py EE                                               [100%]

=================================== ERRORS ====================================
_____________________ ERROR at setup of test_create_user ______________________

db = <sqlalchemy.orm.session.Session object at 0x000001FAA037A490>

    @pytest.fixture(scope="function")
    def client(db):
        def override_get_db():
            try:
                yield db
            finally:
                pass
    
        app.dependency_overrides[get_db] = override_get_db
>       with TestClient(app) as c:
             ^^^^^^^^^^^^^^^

tests\conftest.py:46: 
_ _ _ _ _ _ _ _ _ _ _ _ _ _ _ _ _ _ _ _ _ _ _ _ _ _ _ _ _ _ _ _ _ _ _ _ _ _ _ _

self = <starlette.testclient.TestClient object at 0x000001FA9FE364D0>
app = <fastapi.applications.FastAPI object at 0x000001FAFD9ADF10>
base_url = 'http://testserver', raise_server_exceptions = True, root_path = ''
backend = 'asyncio', backend_options = None, cookies = None
headers = {'user-agent': 'testclient'}, follow_redirects = True

    def __init__(
        self,
        app: ASGIApp,
        base_url: str = "http://testserver",
        raise_server_exceptions: bool = True,
        root_path: str = "",
        backend: str = "asyncio",
        backend_options: typing.Optional[typing.Dict[str, typing.Any]] = None,
        cookies: httpx._types.CookieTypes = None,
        headers: typing.Dict[str, str] = None,
        follow_redirects: bool = True,
    ) -> None:
        self.async_backend = _AsyncBackend(
            backend=backend, backend_options=backend_options or {}
        )
        if _is_asgi3(app):
            app = typing.cast(ASGI3App, app)
            asgi_app = app
        else:
            app = typing.cast(ASGI2App, app)  # type: ignore[assignment]
            asgi_app = _WrapASGI2(app)  # type: ignore[arg-type]
        self.app = asgi_app
        self.app_state: typing.Dict[str, typing.Any] = {}
        transport = _TestClientTransport(
            self.app,
            portal_factory=self._portal_factory,
            raise_server_exceptions=raise_server_exceptions,
            root_path=root_path,
            app_state=self.app_state,
        )
        if headers is None:
            headers = {}
        headers.setdefault("user-agent", "testclient")
>       super().__init__(
            app=self.app,
            base_url=base_url,
            headers=headers,
            transport=transport,
            follow_redirects=follow_redirects,
            cookies=cookies,
        )
E       TypeError: Client.__init__() got an unexpected keyword argument 'app'

.venv\Lib\site-packages\starlette\testclient.py:402: TypeError
________________________ ERROR at setup of test_login _________________________

db = <sqlalchemy.orm.session.Session object at 0x000001FA9FEB6C10>

    @pytest.fixture(scope="function")
    def client(db):
        def override_get_db():
            try:
                yield db
            finally:
                pass
    
        app.dependency_overrides[get_db] = override_get_db
>       with TestClient(app) as c:
             ^^^^^^^^^^^^^^^

tests\conftest.py:46: 
_ _ _ _ _ _ _ _ _ _ _ _ _ _ _ _ _ _ _ _ _ _ _ _ _ _ _ _ _ _ _ _ _ _ _ _ _ _ _ _

self = <starlette.testclient.TestClient object at 0x000001FA9FEB5A10>
app = <fastapi.applications.FastAPI object at 0x000001FAFD9ADF10>
base_url = 'http://testserver', raise_server_exceptions = True, root_path = ''
backend = 'asyncio', backend_options = None, cookies = None
headers = {'user-agent': 'testclient'}, follow_redirects = True

    def __init__(
        self,
        app: ASGIApp,
        base_url: str = "http://testserver",
        raise_server_exceptions: bool = True,
        root_path: str = "",
        backend: str = "asyncio",
        backend_options: typing.Optional[typing.Dict[str, typing.Any]] = None,
        cookies: httpx._types.CookieTypes = None,
        headers: typing.Dict[str, str] = None,
        follow_redirects: bool = True,
    ) -> None:
        self.async_backend = _AsyncBackend(
            backend=backend, backend_options=backend_options or {}
        )
        if _is_asgi3(app):
            app = typing.cast(ASGI3App, app)
            asgi_app = app
        else:
            app = typing.cast(ASGI2App, app)  # type: ignore[assignment]
            asgi_app = _WrapASGI2(app)  # type: ignore[arg-type]
        self.app = asgi_app
        self.app_state: typing.Dict[str, typing.Any] = {}
        transport = _TestClientTransport(
            self.app,
            portal_factory=self._portal_factory,
            raise_server_exceptions=raise_server_exceptions,
            root_path=root_path,
            app_state=self.app_state,
        )
        if headers is None:
            headers = {}
        headers.setdefault("user-agent", "testclient")
>       super().__init__(
            app=self.app,
            base_url=base_url,
            headers=headers,
            transport=transport,
            follow_redirects=follow_redirects,
            cookies=cookies,
        )
E       TypeError: Client.__init__() got an unexpected keyword argument 'app'

.venv\Lib\site-packages\starlette\testclient.py:402: TypeError
_________________ ERROR at setup of test_login_wrong_password _________________

db = <sqlalchemy.orm.session.Session object at 0x000001FAA03A2A90>

    @pytest.fixture(scope="function")
    def client(db):
        def override_get_db():
            try:
                yield db
            finally:
                pass
    
        app.dependency_overrides[get_db] = override_get_db
>       with TestClient(app) as c:
             ^^^^^^^^^^^^^^^

tests\conftest.py:46: 
_ _ _ _ _ _ _ _ _ _ _ _ _ _ _ _ _ _ _ _ _ _ _ _ _ _ _ _ _ _ _ _ _ _ _ _ _ _ _ _

self = <starlette.testclient.TestClient object at 0x000001FAA03A24D0>
app = <fastapi.applications.FastAPI object at 0x000001FAFD9ADF10>
base_url = 'http://testserver', raise_server_exceptions = True, root_path = ''
backend = 'asyncio', backend_options = None, cookies = None
headers = {'user-agent': 'testclient'}, follow_redirects = True

    def __init__(
        self,
        app: ASGIApp,
        base_url: str = "http://testserver",
        raise_server_exceptions: bool = True,
        root_path: str = "",
        backend: str = "asyncio",
        backend_options: typing.Optional[typing.Dict[str, typing.Any]] = None,
        cookies: httpx._types.CookieTypes = None,
        headers: typing.Dict[str, str] = None,
        follow_redirects: bool = True,
    ) -> None:
        self.async_backend = _AsyncBackend(
            backend=backend, backend_options=backend_options or {}
        )
        if _is_asgi3(app):
            app = typing.cast(ASGI3App, app)
            asgi_app = app
        else:
            app = typing.cast(ASGI2App, app)  # type: ignore[assignment]
            asgi_app = _WrapASGI2(app)  # type: ignore[arg-type]
        self.app = asgi_app
        self.app_state: typing.Dict[str, typing.Any] = {}
        transport = _TestClientTransport(
            self.app,
            portal_factory=self._portal_factory,
            raise_server_exceptions=raise_server_exceptions,
            root_path=root_path,
            app_state=self.app_state,
        )
        if headers is None:
            headers = {}
        headers.setdefault("user-agent", "testclient")
>       super().__init__(
            app=self.app,
            base_url=base_url,
            headers=headers,
            transport=transport,
            follow_redirects=follow_redirects,
            cookies=cookies,
        )
E       TypeError: Client.__init__() got an unexpected keyword argument 'app'

.venv\Lib\site-packages\starlette\testclient.py:402: TypeError
_____________ ERROR at setup of test_generate_schedule_permission _____________

db = <sqlalchemy.orm.session.Session object at 0x000001FAA03CB090>

    @pytest.fixture(scope="function")
    def client(db):
        def override_get_db():
            try:
                yield db
            finally:
                pass
    
        app.dependency_overrides[get_db] = override_get_db
>       with TestClient(app) as c:
             ^^^^^^^^^^^^^^^

tests\conftest.py:46: 
_ _ _ _ _ _ _ _ _ _ _ _ _ _ _ _ _ _ _ _ _ _ _ _ _ _ _ _ _ _ _ _ _ _ _ _ _ _ _ _

self = <starlette.testclient.TestClient object at 0x000001FAA03CB2D0>
app = <fastapi.applications.FastAPI object at 0x000001FAFD9ADF10>
base_url = 'http://testserver', raise_server_exceptions = True, root_path = ''
backend = 'asyncio', backend_options = None, cookies = None
headers = {'user-agent': 'testclient'}, follow_redirects = True

    def __init__(
        self,
        app: ASGIApp,
        base_url: str = "http://testserver",
        raise_server_exceptions: bool = True,
        root_path: str = "",
        backend: str = "asyncio",
        backend_options: typing.Optional[typing.Dict[str, typing.Any]] = None,
        cookies: httpx._types.CookieTypes = None,
        headers: typing.Dict[str, str] = None,
        follow_redirects: bool = True,
    ) -> None:
        self.async_backend = _AsyncBackend(
            backend=backend, backend_options=backend_options or {}
        )
        if _is_asgi3(app):
            app = typing.cast(ASGI3App, app)
            asgi_app = app
        else:
            app = typing.cast(ASGI2App, app)  # type: ignore[assignment]
            asgi_app = _WrapASGI2(app)  # type: ignore[arg-type]
        self.app = asgi_app
        self.app_state: typing.Dict[str, typing.Any] = {}
        transport = _TestClientTransport(
            self.app,
            portal_factory=self._portal_factory,
            raise_server_exceptions=raise_server_exceptions,
            root_path=root_path,
            app_state=self.app_state,
        )
        if headers is None:
            headers = {}
        headers.setdefault("user-agent", "testclient")
>       super().__init__(
            app=self.app,
            base_url=base_url,
            headers=headers,
            transport=transport,
            follow_redirects=follow_redirects,
            cookies=cookies,
        )
E       TypeError: Client.__init__() got an unexpected keyword argument 'app'

.venv\Lib\site-packages\starlette\testclient.py:402: TypeError
__________________ ERROR at setup of test_create_trade_flow ___________________

db = <sqlalchemy.orm.session.Session object at 0x000001FAA04CEC50>

    @pytest.fixture(scope="function")
    def client(db):
        def override_get_db():
            try:
                yield db
            finally:
                pass
    
        app.dependency_overrides[get_db] = override_get_db
>       with TestClient(app) as c:
             ^^^^^^^^^^^^^^^

tests\conftest.py:46: 
_ _ _ _ _ _ _ _ _ _ _ _ _ _ _ _ _ _ _ _ _ _ _ _ _ _ _ _ _ _ _ _ _ _ _ _ _ _ _ _

self = <starlette.testclient.TestClient object at 0x000001FAA04CDB10>
app = <fastapi.applications.FastAPI object at 0x000001FAFD9ADF10>
base_url = 'http://testserver', raise_server_exceptions = True, root_path = ''
backend = 'asyncio', backend_options = None, cookies = None
headers = {'user-agent': 'testclient'}, follow_redirects = True

    def __init__(
        self,
        app: ASGIApp,
        base_url: str = "http://testserver",
        raise_server_exceptions: bool = True,
        root_path: str = "",
        backend: str = "asyncio",
        backend_options: typing.Optional[typing.Dict[str, typing.Any]] = None,
        cookies: httpx._types.CookieTypes = None,
        headers: typing.Dict[str, str] = None,
        follow_redirects: bool = True,
    ) -> None:
        self.async_backend = _AsyncBackend(
            backend=backend, backend_options=backend_options or {}
        )
        if _is_asgi3(app):
            app = typing.cast(ASGI3App, app)
            asgi_app = app
        else:
            app = typing.cast(ASGI2App, app)  # type: ignore[assignment]
            asgi_app = _WrapASGI2(app)  # type: ignore[arg-type]
        self.app = asgi_app
        self.app_state: typing.Dict[str, typing.Any] = {}
        transport = _TestClientTransport(
            self.app,
            portal_factory=self._portal_factory,
            raise_server_exceptions=raise_server_exceptions,
            root_path=root_path,
            app_state=self.app_state,
        )
        if headers is None:
            headers = {}
        headers.setdefault("user-agent", "testclient")
>       super().__init__(
            app=self.app,
            base_url=base_url,
            headers=headers,
            transport=transport,
            follow_redirects=follow_redirects,
            cookies=cookies,
        )
E       TypeError: Client.__init__() got an unexpected keyword argument 'app'

.venv\Lib\site-packages\starlette\testclient.py:402: TypeError
============================== warnings summary ===============================
.venv\Lib\site-packages\pydantic\_internal\_config.py:271
.venv\Lib\site-packages\pydantic\_internal\_config.py:271
.venv\Lib\site-packages\pydantic\_internal\_config.py:271
.venv\Lib\site-packages\pydantic\_internal\_config.py:271
.venv\Lib\site-packages\pydantic\_internal\_config.py:271
  D:\Project\Doctor-Scheduling-System\backend\.venv\Lib\site-packages\pydantic\_internal\_config.py:271: PydanticDeprecatedSince20: Support for class-based `config` is deprecated, use ConfigDict instead. Deprecated in Pydantic V2.0 to be removed in V3.0. See Pydantic V2 Migration Guide at https://errors.pydantic.dev/2.5/migration/
    warnings.warn(DEPRECATION_MESSAGE, DeprecationWarning)

-- Docs: https://docs.pytest.org/en/stable/how-to/capture-warnings.html
=========================== short test summary info ===========================
ERROR tests/test_auth.py::test_create_user - TypeError: Client.__init__() got...
ERROR tests/test_auth.py::test_login - TypeError: Client.__init__() got an un...
ERROR tests/test_auth.py::test_login_wrong_password - TypeError: Client.__ini...
ERROR tests/test_schedules.py::test_generate_schedule_permission - TypeError:...
ERROR tests/test_schedules.py::test_create_trade_flow - TypeError: Client.__i...
======================== 5 warnings, 5 errors in 0.54s ========================
